../../examples/autoscale/bigiq/autoscale.py.schema:
- No Key Diff
- No Value Diff
../../examples/autoscale/payg/autoscale.py.schema:
- No Key Diff
- No Value Diff
../../examples/failover/failover.py.schema:
- No Key Diff
- No Value Diff
../../examples/modules/access/access.py.schema:
- No Key Diff
- No Value Diff
../../examples/modules/application/application.py.schema:
- No Key Diff
- No Value Diff
../../examples/modules/bastion/bastion.py.schema:
- No Key Diff
- No Value Diff
../../examples/modules/bigip-autoscale/bigip_autoscale.py.schema:
- No Key Diff
- No Value Diff
../../examples/modules/bigip-standalone/bigip_standalone.py.schema:
- No Key Diff
- No Value Diff
../../examples/modules/dag/dag.py.schema:
- No Key Diff
- No Value Diff
../../examples/modules/function/function.py.schema:
- No Key Diff
- No Value Diff
../../examples/modules/network/network.py.schema:
- No Key Diff
- No Value Diff
../../examples/quickstart/quickstart.py.schema:
- No Key Diff
- No Value Diff
