../../examples/autoscale/payg/sample_autoscale.yaml:
- No Key Diff
- No Value Diff
../../examples/modules/access/sample_access.yaml:
- No Key Diff
- No Value Diff
../../examples/modules/application/sample_application.yaml:
- No Key Diff
- No Value Diff
../../examples/modules/bigip-autoscale/sample_bigip_autoscale.yaml:
- No Key Diff
- No Value Diff
../../examples/modules/bigip-standalone/sample_bigip_standalone.yaml:
- No Key Diff
- No Value Diff
../../examples/modules/dag/sample_dag.yaml:
- No Key Diff
- No Value Diff
../../examples/modules/network/sample_network.yaml:
- No Key Diff
- No Value Diff
